2026-09-01 23:37:53.164: [INFO] CurrentProfilePath: D:\carcaça\Default
2026-09-01 23:37:53.164: [INFO] Profiles total count: 1
2026-09-01 23:37:53.164: [INFO] Profile: name=Perfil 1 path=D:\carcaça\Default lastActive=2026-09-01T23:37:53.152Z
2026-09-01 23:37:53.164: [INFO] LastUsedProfileDir: D:\carcaça\Default
2026-09-01 23:37:53.164: [INFO] MostRecentlyActiveProfile: name=Perfil 1 path=D:\carcaça\Default lastActive=2026-09-01T23:37:53.152Z
2026-09-01 23:37:53.164: [INFO] OnDoneLoading sync enabled: 0
2026-09-01 23:37:53.164: [INFO] BookmarkModelLoaded, ids_reassigned: 0
2026-09-01 23:37:53.164: [INFO] BookmarksLoadDropped droppedNodes=0
2026-09-01 23:37:53.164: [INFO] BookmarksSnapshot Startup total=0 bar=0 other=0 mobile=0 showBar=0 showBarNTP=1
2026-09-01 23:37:55.114: [INFO] RecordSyncInitDuration has_sync_been_enabled: 0 state: 0
2026-09-01 23:37:55.830: [INFO] RecordSyncInitDuration has_sync_been_enabled: 0 state: 0
2026-09-01 23:37:55.831: [INFO] RecordSyncInitDuration has_sync_been_enabled: 0 state: 3
2026-09-01 23:37:55.833: [INFO] Primary account changed.
2026-09-01 23:37:55.833: [INFO] OnPrimaryAccountChanged PrimaryAccountChangeEvent::Type::kSet
2026-09-01 23:37:55.835: [INFO] RecordSyncInitDuration has_sync_been_enabled: 0 state: 3
2026-09-01 23:38:00.800: [INFO] BookmarkNodeAdded, ABU: 0
2026-09-01 23:38:00.800: [INFO] BookmarkNodeAdded, ABU: 0
2026-09-01 23:38:00.800: [INFO] BookmarkNodeAdded, ABU: 0
2026-09-01 23:38:00.801: [INFO] BookmarkNodeAdded, ABU: 0
2026-09-01 23:38:00.801: [INFO] BookmarkNodeAdded, ABU: 0
2026-09-01 23:38:00.801: [INFO] BookmarkNodeAdded, ABU: 0
2026-09-01 23:38:00.801: [INFO] BookmarkNodeAdded, ABU: 0
2026-09-01 23:38:00.801: [INFO] BookmarkNodeAdded, ABU: 0
2026-09-01 23:38:00.801: [INFO] BookmarkNodeAdded, ABU: 0
2026-09-01 23:38:00.801: [INFO] BookmarkNodeAdded, ABU: 0
2026-09-01 23:38:00.801: [INFO] BookmarkNodeAdded, ABU: 0
2026-09-01 23:38:00.801: [INFO] BookmarkNodeAdded, ABU: 0
2026-09-01 23:38:00.801: [INFO] BookmarkNodeAdded, ABU: 0
2026-09-01 23:38:00.801: [INFO] BookmarkNodeAdded, ABU: 0
2026-09-01 23:38:00.802: [INFO] BookmarkNodeAdded, ABU: 0
2026-09-01 23:38:00.802: [INFO] BookmarkNodeAdded, ABU: 0
2026-09-01 23:38:00.802: [INFO] BookmarkNodeAdded, ABU: 0
2026-09-01 23:38:00.802: [INFO] BookmarkNodeAdded, ABU: 0
2026-09-01 23:38:00.802: [INFO] BookmarkNodeAdded, ABU: 0
2026-09-01 23:38:00.802: [INFO] BookmarkNodeAdded, ABU: 0
2026-09-01 23:38:00.802: [INFO] BookmarkNodeAdded, ABU: 0
2026-09-01 23:38:00.802: [INFO] BookmarkNodeAdded, ABU: 0
2026-09-01 23:38:00.802: [INFO] BookmarkNodeAdded, ABU: 0
2026-09-01 23:38:00.803: [INFO] BookmarkNodeAdded, ABU: 0
2026-09-01 23:38:00.803: [INFO] BookmarkNodeAdded, ABU: 0
2026-09-01 23:38:00.803: [INFO] BookmarkNodeAdded, ABU: 0
2026-09-01 23:38:00.803: [INFO] BookmarkNodeAdded, ABU: 0
2026-09-01 23:38:00.803: [INFO] BookmarkNodeAdded, ABU: 0
2026-09-01 23:38:00.803: [INFO] BookmarkNodeAdded, ABU: 0
2026-09-01 23:38:00.803: [INFO] BookmarkNodeAdded, ABU: 0
2026-09-01 23:38:00.803: [INFO] BookmarkNodeAdded, ABU: 0
2026-09-01 23:38:00.803: [INFO] BookmarkNodeAdded, ABU: 0
2026-09-01 23:38:00.808: [INFO] BookmarkBarPrefChanged showBar=0 showBarNTP=0
2026-09-01 23:38:01.459: [INFO] Sync initialization duration: 5537ms
